[#Main]
name=Madrid Map
background=madrid.bmp

[S_1]
kind=transfer
x=158
y=407

[S_2]
kind=transfer
x=198
y=447

[S_3]
kind=stop
x=229
y=469

[S_4]
kind=transfer
x=270
y=485

[S_7]
kind=stop
x=323
y=561

[S_8]
kind=transfer
x=352
y=593

[S_9]
kind=stop
x=352
y=661

[S_10]
kind=transfer
x=337
y=691

[S_14]
kind=stop
x=388
y=734

[S_15]
kind=stop
x=388
y=795

[S_16]
kind=stop
x=388
y=888

[S_18]
kind=stop
x=84
y=794

[S_19]
kind=stop
x=60
y=770

[S_21]
kind=stop
x=53
y=718

[S_23]
kind=stop
x=110
y=627

[S_24]
kind=stop
x=159
y=578

[S_25]
kind=transfer
x=215
y=522

[S_26]
kind=stop
x=349
y=489

[S_29]
kind=transfer
x=350
y=489

[S_31]
kind=transfer
x=393
y=488

[S_33]
kind=transfer
x=392
y=377

[S_34]
kind=transfer
x=391
y=310

[S_35]
kind=stop
x=392
y=259

[S_36]
kind=stop
x=392
y=209

[S_37]
kind=transfer
x=392
y=153

[S_38]
kind=stop
x=392
y=111

[S_39]
kind=stop
x=392
y=69

[S_40]
kind=stop
x=392
y=32

[S_42]
kind=stop
x=716
y=957

[S_43]
kind=stop
x=691
y=933

[S_44]
kind=stop
x=667
y=910

[S_45]
kind=stop
x=646
y=889

[S_46]
kind=stop
x=626
y=868

[S_47]
kind=stop
x=604
y=847

[S_48]
kind=stop
x=582
y=824

[S_49]
kind=stop
x=561
y=803

[S_50]
kind=stop
x=538
y=779

[S_51]
kind=transfer
x=519
y=760

[S_52]
kind=stop
x=476
y=717

[S_53]
kind=stop
x=451
y=693

[S_54]
kind=stop
x=426
y=668

[S_55]
kind=stop
x=401
y=643

[S_56]
kind=stop
x=376
y=618

[S_57]
kind=transfer
x=350
y=535

[S_58]
kind=transfer
x=351
y=448

[S_59]
kind=stop
x=349
y=412

[S_61]
kind=stop
x=321
y=347

[S_62]
kind=transfer
x=288
y=310

[S_63]
kind=stop
x=288
y=257

[S_65]
kind=stop
x=290
y=206

[S_66]
kind=stop
x=317
y=178

[S_67]
kind=stop
x=344
y=154

[S_69]
kind=stop
x=861
y=890

[S_70]
kind=stop
x=838
y=867

[S_71]
kind=stop
x=818
y=847

[S_72]
kind=stop
x=795
y=824

[S_73]
kind=stop
x=772
y=801

[S_74]
kind=stop
x=748
y=777

[S_75]
kind=stop
x=723
y=752

[S_76]
kind=stop
x=700
y=730

[S_77]
kind=stop
x=676
y=707

[S_78]
kind=stop
x=652
y=682

[S_79]
kind=stop
x=628
y=659

[S_80]
kind=stop
x=606
y=637

[S_81]
kind=transfer
x=579
y=610

[S_82]
kind=stop
x=533
y=563

[S_83]
kind=transfer
x=503
y=531

[S_84]
kind=transfer
x=501
y=434

[S_85]
kind=transfer
x=515
y=376

[S_86]
kind=stop
x=501
y=318

[S_87]
kind=stop
x=501
y=271

[S_88]
kind=stop
x=502
y=224

[S_89]
kind=stop
x=502
y=179

[S_91]
kind=stop
x=469
y=153

[S_92]
kind=stop
x=350
y=113

[S_93]
kind=stop
x=316
y=78

[S_94]
kind=stop
x=272
y=32

[S_98]
kind=stop
x=173
y=934

[S_100]
kind=stop
x=248
y=928

[S_101]
kind=transfer
x=291
y=885

[S_103]
kind=stop
x=341
y=889

[S_104]
kind=stop
x=453
y=826

[S_105]
kind=stop
x=575
y=703

[S_107]
kind=stop
x=579
y=526

[S_108]
kind=transfer
x=579
y=457

[S_109]
kind=transfer
x=543
y=433

[S_114]
kind=stop
x=436
y=312

[S_116]
kind=stop
x=212
y=310

[S_118]
kind=stop
x=163
y=316

[S_119]
kind=stop
x=124
y=359

[S_128]
kind=stop
x=188
y=591

[S_130]
kind=stop
x=147
y=641

[S_131]
kind=stop
x=147
y=691

[S_133]
kind=stop
x=156
y=752

[S_134]
kind=stop
x=182
y=777

[S_135]
kind=transfer
x=211
y=806

[S_136]
kind=stop
x=249
y=845

[S_143]
kind=transfer
x=288
y=377

[S_144]
kind=stop
x=288
y=409

[S_145]
kind=transfer
x=288
y=449

[S_148]
kind=stop
x=289
y=550

[S_150]
kind=transfer
x=295
y=593

[S_151]
kind=stop
x=381
y=593

[S_153]
kind=stop
x=447
y=588

[S_154]
kind=stop
x=482
y=553

[S_155]
kind=transfer
x=528
y=499

[S_158]
kind=transfer
x=601
y=433

[S_5]
kind=dummy
x=246
y=484

[S_6]
kind=dummy
x=264
y=502

[S_11]
kind=dummy
x=352
y=685

[S_12]
kind=dummy
x=355
y=696

[S_13]
kind=dummy
x=385
y=726

[S_20]
kind=dummy
x=53
y=759

[S_22]
kind=dummy
x=53
y=684

[S_27]
kind=dummy
x=252
y=492

[S_28]
kind=dummy
x=283
y=489

[S_30]
kind=dummy
x=386
y=489

[S_32]
kind=dummy
x=392
y=481

[S_60]
kind=dummy
x=349
y=377

[S_64]
kind=dummy
x=288
y=214

[S_90]
kind=dummy
x=502
y=153

[S_95]
kind=dummy
x=501
y=393

[S_96]
kind=dummy
x=501
y=353

[S_99]
kind=dummy
x=240
y=934

[S_106]
kind=dummy
x=579
y=694

[S_110]
kind=dummy
x=567
y=442

[S_111]
kind=dummy
x=541
y=416

[S_112]
kind=dummy
x=519
y=394

[S_113]
kind=dummy
x=481
y=357

[S_115]
kind=dummy
x=426
y=310

[S_117]
kind=dummy
x=175
y=310

[S_120]
kind=dummy
x=112
y=372

[S_122]
kind=dummy
x=151
y=412

[S_123]
kind=dummy
x=151
y=413

[S_124]
kind=dummy
x=189
y=451

[S_125]
kind=dummy
x=189
y=451

[S_126]
kind=dummy
x=214
y=476

[S_127]
kind=dummy
x=215
y=562

[S_129]
kind=dummy
x=149
y=629

[S_132]
kind=dummy
x=147
y=740

[S_137]
kind=dummy
x=170
y=408

[S_138]
kind=dummy
x=208
y=447

[S_139]
kind=dummy
x=208
y=446

[S_146]
kind=dummy
x=288
y=466

[S_147]
kind=dummy
x=289
y=503

[S_149]
kind=dummy
x=289
y=586

[S_152]
kind=dummy
x=438
y=593

[S_156]
kind=dummy
x=524
y=510

[S_157]
kind=dummy
x=542
y=494

[L_41]
color=clBlue

[P_41]
S0=18
S1=19
S2=20
S3=21
S4=22
S5=23
S6=24
S7=25
S8=27
S9=4
S10=28
S11=29
S12=30
S13=31
S14=32
S15=33
S16=34
S17=35
S18=36
S19=37
S20=38
S21=39
S22=40

[L_68]
color=clSkyBlue

[P_68]
S0=37
S1=67
S2=66
S3=65
S4=64
S5=63
S6=62
S7=61
S8=60
S9=59
S10=58
S11=29
S12=57
S13=8
S14=56
S15=55
S16=54
S17=53
S18=52
S19=51
S20=50
S21=49
S22=48
S23=47
S24=46
S25=45
S26=44
S27=43
S28=42

[L_97]
color=clFuchsia

[P_97]
S0=94
S1=93
S2=92
S3=37
S4=91
S5=90
S6=89
S7=88
S8=87
S9=86
S10=96
S11=85
S12=95
S13=84
S14=83
S15=82
S16=81
S17=80
S18=79
S19=78
S20=77
S21=76
S22=75
S23=74
S24=73
S25=72
S26=71
S27=70
S28=69

[L_102]
color=clGreen

[P_102]
S0=101
S1=100
S2=99
S3=98

[L_140]
color=clYellow

[P_140]
S0=16
S1=15
S2=14
S3=13
S4=12
S5=10
S6=11
S7=9
S8=8
S9=7
S10=6
S11=4
S12=5
S13=3
S14=138
S15=2
S16=139
S17=137
S18=1

[L_141]
color=clMedGray

[P_141]
S0=16
S1=104
S2=51
S3=105
S4=106
S5=81
S6=107
S7=108
S8=110
S9=109
S10=111
S11=112
S12=85
S13=113
S14=114
S15=115
S16=34
S17=62
S18=116
S19=117
S20=118
S21=119
S22=120
S23=122
S24=1
S25=123
S26=124
S27=2
S28=125
S29=126
S30=25
S31=127
S32=128
S33=129
S34=130
S35=131
S36=132
S37=133
S38=134
S39=135
S40=136
S41=101
S42=103

[L_159]
color=clOlive

[P_159]
S0=62
S1=143
S2=144
S3=145
S4=146
S5=4
S6=147
S7=148
S8=149
S9=150
S10=8
S11=151
S12=152
S13=153
S14=154
S15=83
S16=156
S17=155
S18=157
S19=108
S20=158

[M_161]
x=200
y=669
bitmap=puerta_de_toledo.bmp

[T_LAC]
x=108
y=77
text=Lacoma
pos=NW

[T_ADLI]
x=52
y=119
text=Av. de la Illustración
pos=NW

[T_PEN]
x=100
y=161
text=Peñagrande
pos=NW

[T_AM]
x=101
y=192
text=Antonio Machado
pos=NW

[T_VDZ]
x=152
y=223
text=Valdezarza
pos=NW

[T_FR]
x=115
y=253
text=Francos Rodriguez
pos=NW

[T_MET]
x=92
y=301
text=Metropolitano
pos=NW

[T_CU]
x=21
y=345
text=Cludad Universitaria
pos=NW

[T_MON]
x=98
y=403
text=Moncloa
pos=NW

[T_ARG]
x=135
y=443
text=Argüelles
pos=NW

[T_PP]
x=149
y=509
text=Principe Pio
pos=NW

[T_LAG]
x=161
y=737
text=Laguna
pos=NW

[T_BAT]
x=74
y=613
text=Batán
pos=NW

[T_CAM]
x=57
y=709
text=Campamento
pos=NW

[T_EMP]
x=64
y=755
text=Empalme
pos=NW

[T_ALU]
x=48
y=798
text=Aluche
pos=NW

[T_CAR]
x=117
y=795
text=Carabanchet
pos=NW

[T_EDM]
x=13
y=816
text=Eugenia de Montijo
pos=NW

[T_PIT]
x=158
y=30
text=Pitis
pos=NW

[T_VA]
x=170
y=819
text=Vista Alegre
pos=NW

[T_OPA]
x=256
y=831
text=Opañel
pos=NW

[T_PB]
x=160
y=939
text=Pan Bendito
pos=NW

[T_ABR]
x=249
y=927
text=Abrantes
pos=NW

[T_PE]
x=292
y=865
text=Pza. Elíptica
pos=NW

[T_USE]
x=332
y=892
text=Usera
pos=NW

[T_LEG]
x=388
y=892
text=Legazpi
pos=NW

[T_OPO]
x=218
y=796
text=Oporto
pos=NW

[T_URG]
x=244
y=775
text=Urgel
pos=NW

[T_CRP]
x=182
y=759
text=Carpenta
pos=NW

[T_LUC]
x=151
y=681
text=Lucero
pos=NW

[T_ADE]
x=151
y=635
text=Alto de Extremadura
pos=NW

[T_179,611]
x=193
y=580
text=Puerta del Àngel
pos=NW

[T_OPR]
x=261
y=593
text=Opera
pos=NW

[T_PDT]
x=208
y=653
text=Puerta de Toledo
pos=NW

[T_ACA]
x=274
y=682
text=Acaclas
pos=NW

[T_MDV]
x=274
y=744
text=Marqués de Vadillo
pos=NW

[T_PIR]
x=304
y=713
text=Pirámides
pos=NW

[T_BDP]
x=239
y=74
text=Barrio del Pilar
pos=NW

[T_VEN]
x=309
y=108
text=Ventilla
pos=NW

[T_VAL]
x=264
y=140
text=Valdeacederas
pos=NW

[T_HO]
x=276
y=19
text=Herrera Oria
pos=NW

[T_TET]
x=274
y=162
text=Tetuán
pos=NW

[T_EST]
x=239
y=192
text=Estrecho
pos=NW

[T_ALV]
x=237
y=246
text=Alvarado
pos=NW

[T_219,309]
x=122
y=288
text=Guzmán el Bueno
pos=NW

[T_CAN]
x=254
y=357
text=Canal
pos=NW

[T_IF]
x=183
y=379
text=Islas Filipinas
pos=NW

[T_QUE]
x=238
y=398
text=Quevedo
pos=NW

[T_SB]
x=218
y=428
text=San Bernardo
pos=NW

[T_SD]
x=209
y=532
text=Santo Domingo
pos=NW

