[#Main]
name=Tutorial Map
background=tutorial.bmp

[S_AUD]
kind=stop
x=59
y=203

[S_HG]
kind=stop
x=152
y=203

[S_WHL]
kind=transfer
x=226
y=229

[S_HAL]
kind=stop
x=185
y=332

[S_WH]
kind=stop
x=336
y=248

[S_WL]
kind=stop
x=366
y=207

[S_EH]
kind=transfer
x=238
y=90

[S_EL]
kind=stop
x=164
y=97

[S_9]
kind=dummy
x=208
y=309

[S_10]
kind=dummy
x=208
y=245

[S_11]
kind=dummy
x=226
y=181

[S_12]
kind=dummy
x=215
y=172

[S_13]
kind=dummy
x=215
y=111

[S_17]
kind=dummy
x=245
y=248

[S_18]
kind=dummy
x=366
y=248

[S_20]
kind=dummy
x=209
y=90

[S_21]
kind=dummy
x=209
y=100

[S_22]
kind=dummy
x=181
y=100

[S_36]
kind=dummy
x=200
y=203

[L_LB]
color=clBlue

[P_LB]
S0=HAL
S1=9
S2=10
S3=WHL
S4=11
S5=12
S6=13
S7=EH

[L_LG]
color=clGreen

[P_LG]
S0=EL
S1=22
S2=21
S3=20
S4=EH

[L_LBK]
color=clBlack

[P_LBK]
S0=AUD
S1=HG
S2=36
S3=WHL
S4=17
S5=WH
S6=18
S7=WL

[M_GEWIS]
x=111
y=221
bitmap=tut-gewis.bmp

[M_SIMON]
x=374
y=255
bitmap=tut-simon.bmp

[M_THOR]
x=235
y=106
bitmap=tut-thor.bmp

[T_AUD]
x=58
y=215
text=Auditorium
pos=N

[T_EL]
x=163
y=109
text=E-Laag
pos=N

[T_HG]
x=151
y=190
text=Hoofdgebouw
pos=S

[T_WHL]
x=235
y=220
text=W-Hal
pos=SW

[T_EH]
x=245
y=81
text=E-Hoog
pos=SW

[T_HAL]
x=185
y=344
text=De Hal
pos=N

[T_WH]
x=335
y=260
text=W-Hoog
pos=N

[T_WL]
x=365
y=194
text=W-Laag
pos=S

