[#Main]
name=Prague Map
background=Prague.bmp

[S_AND]
kind=stop
x=369
y=388

[S_BUD]
kind=stop
x=629
y=521

[S_CER]
kind=stop
x=1074
y=34

[S_CES]
kind=stop
x=840
y=77

[S_CKD]
kind=stop
x=947
y=34

[S_CHO]
kind=stop
x=799
y=556

[S_DEJ]
kind=stop
x=322
y=51

[S_FLO]
kind=stop
x=753
y=298

[S_FLR]
kind=transfer
x=615
y=205

[S_HAJ]
kind=stop
x=940
y=556

[S_HLA]
kind=stop
x=598
y=269

[S_HLO]
kind=stop
x=990
y=34

[S_HRA]
kind=stop
x=369
y=102

[S_HUR]
kind=stop
x=122
y=447

[S_INV]
kind=stop
x=719
y=150

[S_IPP]
kind=stop
x=554
y=337

[S_JIN]
kind=stop
x=275
y=453

[S_JIR]
kind=stop
x=681
y=298

[S_KAC]
kind=stop
x=664
y=556

[S_KAR]
kind=stop
x=477
y=360

[S_KRI]
kind=stop
x=682
y=187

[S_LUK]
kind=stop
x=44
y=427

[S_LUZ]
kind=stop
x=74
y=447

[S_MAL]
kind=stop
x=386
y=167

[S_MUS]
kind=transfer
x=513
y=236

[S_MUZ]
kind=transfer
x=573
y=296

[S_NAD]
kind=stop
x=615
y=52

[S_NAM]
kind=stop
x=620
y=322

[S_NAR]
kind=stop
x=480
y=280

[S_NRE]
kind=stop
x=558
y=205

[S_NOV]
kind=stop
x=195
y=447

[S_OPA]
kind=stop
x=880
y=556

[S_PAL]
kind=stop
x=773
y=96

[S_PAN]
kind=stop
x=597
y=489

[S_PRA]
kind=stop
x=567
y=459

[S_RAD]
kind=stop
x=308
y=467

[S_RAJ]
kind=stop
x=1030
y=34

[S_ROZ]
kind=stop
x=714
y=556

[S_SKA]
kind=stop
x=922
y=372

[S_SMI]
kind=stop
x=369
y=446

[S_STA]
kind=stop
x=452
y=223

[S_STO]
kind=stop
x=25
y=408

[S_STR]
kind=stop
x=861
y=360

[S_VLT]
kind=stop
x=615
y=126

[S_VYS]
kind=stop
x=900
y=34

[S_VSH]
kind=stop
x=554
y=413

[S_ZEL]
kind=stop
x=803
y=302

[S_ZLI]
kind=stop
x=5
y=387

[S_x346y51]
kind=dummy
x=346
y=51

[S_x369y74]
kind=dummy
x=369
y=74

[S_x369y150]
kind=dummy
x=369
y=150

[S_x442y223]
kind=dummy
x=442
y=223

[S_x500y223]
kind=dummy
x=500
y=223

[S_x600y322]
kind=dummy
x=600
y=322

[S_x637y322]
kind=dummy
x=637
y=322

[S_x661y298]
kind=dummy
x=661
y=298

[S_x798y298]
kind=dummy
x=798
y=298

[S_x873y372]
kind=dummy
x=873
y=372

[S_x63y447]
kind=dummy
x=63
y=447

[S_x267y447]
kind=dummy
x=267
y=447

[S_x287y467]
kind=dummy
x=287
y=467

[S_x369y467]
kind=dummy
x=369
y=467

[S_x369y380]
kind=dummy
x=369
y=380

[S_x389y360]
kind=dummy
x=389
y=360

[S_x480y361]
kind=dummy
x=480
y=361

[S_x480y270]
kind=dummy
x=480
y=270

[S_x545y205]
kind=dummy
x=545
y=205

[S_x663y205]
kind=dummy
x=663
y=205

[S_x793y77]
kind=dummy
x=793
y=77

[S_x855y77]
kind=dummy
x=855
y=77

[S_x615y252]
kind=dummy
x=615
y=252

[S_x554y314]
kind=dummy
x=554
y=314

[S_x553y445]
kind=dummy
x=553
y=445

[L_A]
color=clGreen

[P_A]
S0=DEJ
S1=x346y51
S2=x369y74
S3=HRA
S4=x369y150
S5=MAL
S6=x442y223
S7=STA
S8=x500y223
S9=MUS
S10=MUZ
S11=x600y322
S12=NAM
S13=x637y322
S14=x661y298
S15=JIR
S16=FLO
S17=x798y298
S18=ZEL
S19=STR
S20=x873y372
S21=SKA

[L_B]
color=clYellow

[P_B]
S0=ZLI
S1=STO
S2=LUK
S3=x63y447
S4=LUZ
S5=HUR
S6=NOV
S7=x267y447
S8=JIN
S9=x287y467
S10=RAD
S11=x369y467
S12=SMI
S13=AND
S14=x369y380
S15=x389y360
S16=KAR
S17=x480y361
S18=NAR
S19=x480y270
S20=MUS
S21=x545y205
S22=NRE
S23=FLR
S24=x663y205
S25=KRI
S26=INV
S27=PAL
S28=x793y77
S29=CES
S30=x855y77
S31=VYS
S32=CKD
S33=HLO
S34=RAJ
S35=CER

[L_C]
color=clRed

[P_C]
S0=NAD
S1=VLT
S2=FLR
S3=x615y252
S4=HLA
S5=MUZ
S6=x554y314
S7=IPP
S8=VSH
S9=x553y445
S10=PRA
S11=PAN
S12=BUD
S13=KAC
S14=ROZ
S15=CHO
S16=OPA
S17=HAJ

[T_1]
x=381
y=383
text=Andel
pos=NW

[T_2]
x=285
y=476
text=Radlicka
pos=NW

[T_3]
x=5
y=360
text=Zlicin
pos=NW

[T_4]
x=33
y=386
text=Stodulky
pos=NW

[T_5]
x=58
y=411
text=Luka
pos=NW

[T_6]
x=53
y=454
text=Luziny
pos=NW

[T_7]
x=110
y=455
text=Hurka
pos=NW

[T_8]
x=178
y=454
text=Nové Butivice
pos=NW

[T_9]
x=276
y=427
text=Jinonice
pos=NW

[T_10]
x=375
y=444
text=Smichovské nadrazi
pos=NW

